
Opening time: 540
Closing time: 1080
Total Channels: 3

Running ACO Scheduler
python : Traceback (most recent call last):
At line:1 char:1
+ python main.py --input data/input/toy.json --algorithm aco --ants 10  ...
+ ~~~~~~~~~~~~~~~~~~~~~~~~~~~~~~~~~~~~~~~~~~~~~~~~~~~~~~~~~~~~~~~~~~~~~
    + CategoryInfo          : NotSpecified: (Traceback (most recent call last) 
   ::String) [], RemoteException
    + FullyQualifiedErrorId : NativeCommandError
 
  File "C:\Users\HP\ain_gr8\main.py", line 102, in <module>
    main()
  File "C:\Users\HP\ain_gr8\main.py", line 68, in main
    print(f"\n\u2713 Generated solution with total score: 
{solution.total_score}")
  File "C:\Python\Lib\encodings\cp1252.py", line 19, in encode
    return codecs.charmap_encode(input,self.errors,encoding_table)[0]
           ^^^^^^^^^^^^^^^^^^^^^^^^^^^^^^^^^^^^^^^^^^^^^^^^^^^^^^^
UnicodeEncodeError: 'charmap' codec can't encode character '\u2713' in 
position 2: character maps to <undefined>
